account_not_opened.fail.bean: [Error] Account is not open or has been closed. Open it with an open entry

    2 |   Assets:Cash  -10 EUR
          ^^^^^^^^^^^

account_not_opened.fail.bean: [Error] Account is not open or has been closed. Open it with an open entry

    3 |   Expenses:Home
          ^^^^^^^^^^^^^

