Assets     -10 EUR
  Cash     -10 EUR
Expenses   10 EUR
  Home     10 EUR
