Assets     5 AAPL @ 15 USD {2020-01-03}
           200 USD
├ Stocks   5 AAPL @ 15 USD {2020-01-03}
└ Cash     200 USD
