tests/golden/booking_strict_fail.bean: [[31mError[0m] Strict booking requires explicit lot selection, or new lot needs to cancel all existing lots exactly.

   13 |   Assets:Stocks  -10 AAPL @ 30 USD
          [31m^^^^^^^^^^^^^[0m

Assets     10 AAPL @ 10 USD {2020-01-02}
           10 AAPL @ 15 USD {2020-01-03}
           -250 USD
â”œ Stocks   10 AAPL @ 10 USD {2020-01-02}
           10 AAPL @ 15 USD {2020-01-03}
â”” Cash     -250 USD
