Assets     -10 AAPL @ 10 USD {2020-01-02}
           -50 USD
├ Stocks   -10 AAPL @ 10 USD {2020-01-02}
└ Cash     -50 USD
