Assets         10 AAPL @ 10 USD {2020-01-02}
               -100 USD
├ Stocks
├ MoreStocks   10 AAPL @ 10 USD {2020-01-02}
└ Cash         -100 USD
