Assets     10 AAPL @ 15 USD {2020-01-03}
           50 USD
  Stocks   10 AAPL @ 15 USD {2020-01-03}
  Cash     50 USD
